**********************
Windows PowerShell transcript start
Start time: 20260930024225
Username: NMG\Administrator
RunAs User: NMG\Administrator
Configuration Name: 
Machine: WIN-IVGKVNU9NLI (Microsoft Windows NT 10.0.17763.0)
Host Application: C:\Windows\system32\WindowsPowerShell\v1.0\PowerShell_ISE.exe
Process ID: 1688
PSVersion: 5.1.17763.9121
PSEdition: Desktop
PSCompatibleVersions: 1.0, 2.0, 3.0, 4.0, 5.0, 5.1.17763.9121
BuildVersion: 10.0.17763.9121
CLRVersion: 4.0.30319.42000
WSManStackVersion: 3.0
PSRemotingProtocolVersion: 2.3
SerializationVersion: 1.1.0.1
**********************

  DISABLE-NMGUSER
  Target : kfereira
  Ticket : NMG-0211
  Run by : Administrator

PS>TerminatingError(Get-ADUser): "Cannot find an object with identity: 'kfereira' under: 'DC=NMG,DC=com'."
  STOP: no account named kfereira
**********************
Windows PowerShell transcript end
End time: 20260930024226
**********************
