**********************
Windows PowerShell transcript start
Start time: 20260930222145
Username: NMG\Administrator
RunAs User: NMG\Administrator
Configuration Name: 
Machine: WIN-IVGKVNU9NLI (Microsoft Windows NT 10.0.17763.0)
Host Application: C:\Windows\system32\WindowsPowerShell\v1.0\PowerShell_ISE.exe
Process ID: 1688
PSVersion: 5.1.17763.9121
PSEdition: Desktop
PSCompatibleVersions: 1.0, 2.0, 3.0, 4.0, 5.0, 5.1.17763.9121
BuildVersion: 10.0.17763.9121
CLRVersion: 4.0.30319.42000
WSManStackVersion: 3.0
PSRemotingProtocolVersion: 2.3
SerializationVersion: 1.1.0.1
**********************

  DISABLE-NMGUSER
  Target : oradcliffe
  Ticket : NMG-0213
  Run by : Administrator

  All checks passed for Owen Radcliffe
  Captured 2 memberships
  Verified 2 memberships on disk
  Disabled and stamped.
  Removed: Operations-Users

  Removed : 1
PS>TerminatingError(Move-ADObject): "Cannot validate argument on parameter 'Identity'. The argument is null. Provide a valid value for the argument, and then try running the command again."
Move-ADObject : Cannot validate argument on parameter 'Identity'. The argument is null. Provide a valid value for the 
argument, and then try running the command again.
At C:\Scripts\Disable-NMGUser.ps1:237 char:29
+     Move-ADObject -Identity $dn -TargetPath $target
+                             ~~~
    + CategoryInfo          : InvalidData: (:) [Move-ADObject], ParameterBindingValidationException
    + FullyQualifiedErrorId : 
ParameterArgumentValidationError,Microsoft.ActiveDirectory.Management.Commands.MoveADObject
Move-ADObject : Cannot validate argument on parameter 'Identity'. The argument is null. Provide a valid value for the argument, and then try running the command again.
At C:\Scripts\Disable-NMGUser.ps1:237 char:29
+     Move-ADObject -Identity $dn -TargetPath $target
+                             ~~~
    + CategoryInfo          : InvalidData: (:) [Move-ADObject], ParameterBindingValidationException
    + FullyQualifiedErrorId : ParameterArgumentValidationError,Microsoft.ActiveDirectory.Management.Commands.MoveADObject

  Moved to quarantine.

  Account  : Owen Radcliffe (oradcliffe)
  Ticket   : NMG-0213
  Enabled  : False
  Groups   : 0
  Location : CN=Owen Radcliffe,OU=Operations,DC=NMG,DC=com
  Evidence : C:\Reports\Offboarding

**********************
Windows PowerShell transcript end
End time: 20260930222146
**********************
