**********************
Windows PowerShell transcript start
Start time: 20260930220959
Username: NMG\Administrator
RunAs User: NMG\Administrator
Configuration Name: 
Machine: WIN-IVGKVNU9NLI (Microsoft Windows NT 10.0.17763.0)
Host Application: C:\Windows\system32\WindowsPowerShell\v1.0\PowerShell_ISE.exe
Process ID: 1688
PSVersion: 5.1.17763.9121
PSEdition: Desktop
PSCompatibleVersions: 1.0, 2.0, 3.0, 4.0, 5.0, 5.1.17763.9121
BuildVersion: 10.0.17763.9121
CLRVersion: 4.0.30319.42000
WSManStackVersion: 3.0
PSRemotingProtocolVersion: 2.3
SerializationVersion: 1.1.0.1
**********************

  DISABLE-NMGUSER
  Target : kferreira
  Ticket : NMG-0213
  Run by : Administrator

  STOP: kferreira is already disabled.
        Existing note: Offboarded 2026-09-24 | Ticket NMG-0203
        Re-running would overwrite that record.
**********************
Windows PowerShell transcript end
End time: 20260930220959
**********************
